
# ==============================================================
# Simulation Units
# ==============================================================

units           lj

# ==============================================================
# Atom Style
# ==============================================================

atom_style      bond

# ==============================================================
# Force Field
# ==============================================================

pair_style      lj/cut 2.5
bond_style      harmonic

# ==============================================================
# Read NVT Structure
# ==============================================================

read_data       ../data/nvt_polymer_melt.data
Reading data file ...
  orthogonal box = (0 0 0) to (60 60 60)
  1 by 1 by 1 MPI processor grid
  reading atoms ...
  500 atoms
  reading velocities ...
  500 velocities
  scanning bonds ...
  1 = max bonds/atom
  orthogonal box = (0 0 0) to (60 60 60)
  1 by 1 by 1 MPI processor grid
  reading bonds ...
  475 bonds
Finding 1-2 1-3 1-4 neighbors ...
  special bond factors lj:    0        0        0       
  special bond factors coul:  0        0        0       
     2 = max # of 1-2 neighbors
     2 = max # of 1-3 neighbors
     4 = max # of 1-4 neighbors
     6 = max # of special neighbors
  special bonds CPU = 0.002 seconds
  read_data CPU = 0.022 seconds

pair_coeff      1 1 1.0 1.0 2.5
bond_coeff      1 100.0 1.0

# ==============================================================
# Neighbor List
# ==============================================================

neighbor        0.3 bin
neigh_modify    delay 0 every 1 check yes

# ==============================================================
# Special Bonds
# ==============================================================

special_bonds   lj 0.0 1.0 1.0
Finding 1-2 1-3 1-4 neighbors ...
  special bond factors lj:    0        1        1       
  special bond factors coul:  0        0        0       
     2 = max # of 1-2 neighbors
     2 = max # of 1-3 neighbors
     4 = max # of 1-4 neighbors
     6 = max # of special neighbors
  special bonds CPU = 0.001 seconds

# ==============================================================
# Thermodynamic Output
# ==============================================================

thermo          100

thermo_style    custom step temp press pe ke etotal density vol lx ly lz

thermo_modify   flush yes

# ==============================================================
# Time Step
# ==============================================================

timestep        0.005

# ==============================================================
# NPT Equilibration
# ==============================================================

fix             1 all npt temp 1.0 1.0 1.0 iso 0.0 0.0 5.0

# ==============================================================
# Dump Trajectory
# ==============================================================

dump            1 all custom 1000 ../outputs/dumps/npt.lammpstrj id type x y z

# ==============================================================
# Run
# ==============================================================

run             50000
Generated 0 of 0 mixed pair_coeff terms from geometric mixing rule
Neighbor list info ...
  update: every = 1 steps, delay = 0 steps, check = yes
  max neighbors/atom: 2000, page size: 100000
  master list distance cutoff = 2.8
  ghost atom cutoff = 2.8
  binsize = 1.4, bins = 43 43 43
  1 neighbor lists, perpetual/occasional/extra = 1 0 0
  (1) pair lj/cut, perpetual
      attributes: half, newton on
      pair build: half/bin/newton
      stencil: half/bin/3d
      bin: standard
Per MPI rank memory allocation (min/avg/max) = 4.81 | 4.81 | 4.81 Mbytes
   Step          Temp          Press          PotEng         KinEng         TotEng        Density         Volume           Lx             Ly             Lz      
         0   1.0179692      0.00034094003 -1.5637625      1.5238999     -0.039862614    0.0023148148   216000         60             60             60           
       100   1.0378969      0.00026340455 -1.6058522      1.5537316     -0.052120598    0.0023148356   215998.06      59.999821      59.999821      59.999821    
       200   1.0470806      0.00051641089 -1.6663049      1.5674796     -0.098825265    0.0023132034   216150.47      60.013929      60.013929      60.013929    
       300   0.98499192    -0.00016426882 -1.6469798      1.4745329     -0.17244686     0.0023057712   216847.18      60.078341      60.078341      60.078341    
       400   1.0103284     -3.7483025e-05 -1.7362169      1.5124616     -0.22375535     0.0022949492   217869.74      60.172627      60.172627      60.172627    
       500   0.96568619     2.8972358e-05 -1.6826551      1.4456322     -0.23702284     0.0022771788   219569.93      60.328745      60.328745      60.328745    
       600   1.0030556      0.00059116743 -1.7281182      1.5015743     -0.22654388     0.0022556524   221665.36      60.52005       60.52005       60.52005     
       700   0.96182645    -0.00026111329 -1.6341528      1.4398542     -0.19429857     0.0022297163   224243.78      60.753803      60.753803      60.753803    
       800   1.0139232      0.00097830668 -1.671147       1.5178431     -0.15330392     0.0022087163   226375.83      60.94574       60.94574       60.94574     
       900   1.002008      -6.0835266e-06 -1.6219562      1.5000059     -0.12195026     0.0021822289   229123.53      61.191331      61.191331      61.191331    
      1000   1.032025       0.0005801662  -1.6490438      1.5449414     -0.10410232     0.0021516355   232381.37      61.479987      61.479987      61.479987    
      1100   0.99850142    -0.00025100972 -1.5992612      1.4947566     -0.10450457     0.0021148126   236427.57      61.834763      61.834763      61.834763    
      1200   0.99963622    -0.00074247022 -1.6061442      1.4964554     -0.10968881     0.0020851223   239794.09      62.126872      62.126872      62.126872    
      1300   1.0163104     -0.00029049441 -1.6446542      1.5214166     -0.12323758     0.0020577008   242989.65      62.401628      62.401628      62.401628    
      1400   0.9411476     -0.00089507189 -1.5692559      1.408898      -0.16035797     0.0020257379   246823.64      62.728117      62.728117      62.728117    
      1500   0.98137205    -0.00029014057 -1.6705342      1.469114      -0.20142027     0.0020014521   249818.62      62.980814      62.980814      62.980814    
      1600   1.0056145     -0.00061965868 -1.7431509      1.505405      -0.23774593     0.0019811273   252381.57      63.19546       63.19546       63.19546     
      1700   0.96148152    -5.4184223e-05 -1.6904669      1.4393378     -0.25112908     0.0019588746   255248.59      63.433857      63.433857      63.433857    
      1800   0.92403752    -0.00056298034 -1.6139228      1.3832842     -0.23063859     0.001940024    257728.77      63.638651      63.638651      63.638651    
      1900   0.97522453     0.0004137722  -1.6270536      1.4599111     -0.16714247     0.0019292634   259166.27      63.756749      63.756749      63.756749    
      2000   1.0203673     -0.00015831188 -1.6432519      1.5274898     -0.11576209     0.0019185346   260615.58      63.875374      63.875374      63.875374    
      2100   1.0209875     -0.00072623776 -1.6213067      1.5284183     -0.092888351    0.0019036616   262651.73      64.041293      64.041293      64.041293    
      2200   1.0001486      0.00065443452 -1.5838097      1.4972225     -0.086587218    0.00189434     263944.17      64.146164      64.146164      64.146164    
      2300   1.0190215      0.0015157658  -1.6152393      1.5254752     -0.089764148    0.0018838577   265412.82      64.26492       64.26492       64.26492     
      2400   1.0027694     -0.00030779735 -1.6237482      1.5011459     -0.1226023      0.0018651993   268067.86      64.478499      64.478499      64.478499    
      2500   0.98694153     0.00029499342 -1.6611847      1.4774515     -0.18373321     0.0018496114   270327.05      64.659127      64.659127      64.659127    
      2600   0.9462341      0.0010199148  -1.6464006      1.4165124     -0.22988817     0.0018347522   272516.37      64.833211      64.833211      64.833211    
      2700   0.97819904     0.00050083585 -1.7037099      1.464364      -0.23934594     0.001822232    274388.77      64.981357      64.981357      64.981357    
      2800   0.90758948    -8.2027425e-05 -1.5592664      1.3586615     -0.20060497     0.0018077809   276582.18      65.154048      65.154048      65.154048    
      2900   0.96201331     0.00011897786 -1.5505801      1.4401339     -0.1104462      0.0017991964   277901.85      65.257507      65.257507      65.257507    
      3000   1.0134102      6.1056513e-05 -1.5892928      1.5170751     -0.072217771    0.0017884522   279571.36      65.387925      65.387925      65.387925    
      3100   1.0431953      0.0012517579  -1.6413178      1.5616634     -0.079654388    0.0017756387   281588.82      65.544834      65.544834      65.544834    
      3200   1.0123504     -0.00055115845 -1.6264581      1.5154885     -0.11096959     0.0017595546   284162.82      65.743944      65.743944      65.743944    
      3300   1.0574775      0.00075503896 -1.7401164      1.5830438     -0.1570726      0.0017479525   286048.97      65.889083      65.889083      65.889083    
      3400   1.0056647     -0.00028263629 -1.7265412      1.5054801     -0.22106111     0.001725897    289704.43      66.168564      66.168564      66.168564    
      3500   1.0003409      0.00013813137 -1.7754972      1.4975103     -0.27798689     0.0017028527   293624.93      66.465709      66.465709      66.465709    
      3600   0.98168197     0.0010492215  -1.782631       1.4695779     -0.31305308     0.0016799008   297636.62      66.76704       66.76704       66.76704     
      3700   1.0144018     -2.4289569e-06 -1.8481937      1.5185594     -0.32963426     0.001656985    301752.89      67.073424      67.073424      67.073424    
      3800   0.99163984    -2.2284399e-05 -1.8190105      1.4844848     -0.33452562     0.0016337527   306043.86      67.389861      67.389861      67.389861    
      3900   0.97643701     0.00039503077 -1.7823973      1.4617262     -0.32067105     0.0016145668   309680.59      67.655742      67.655742      67.655742    
      4000   0.99842433    -0.00071648713 -1.7653357      1.4946412     -0.27069453     0.0015954756   313386.19      67.924526      67.924526      67.924526    
      4100   0.98876794    -0.00037839239 -1.6783244      1.4801856     -0.19813876     0.0015757065   317317.97      68.20741       68.20741       68.20741     
      4200   0.99513907    -9.7810653e-05 -1.6393563      1.4897232     -0.14963308     0.0015570838   321113.1       68.478253      68.478253      68.478253    
      4300   1.0199471      0.00044103154 -1.6546725      1.5268608     -0.12781178     0.0015417931   324297.73      68.703886      68.703886      68.703886    
      4400   1.0536592      0.00086372748 -1.7108417      1.5773278     -0.13351392     0.0015267582   327491.28      68.928673      68.928673      68.928673    
      4500   0.99517761    -0.0001694226  -1.6373097      1.4897809     -0.14752878     0.0015126835   330538.4       69.141794      69.141794      69.141794    
      4600   0.97066802    -0.00021065436 -1.6075851      1.45309       -0.15449512     0.0015008779   333138.35      69.322605      69.322605      69.322605    
      4700   1.0076023     -4.7129716e-05 -1.6714524      1.5083807     -0.16307176     0.0014897173   335634.15      69.495291      69.495291      69.495291    
      4800   1.0200097     -7.8103836e-05 -1.7038707      1.5269545     -0.17691621     0.0014796532   337917.02      69.652497      69.652497      69.652497    
      4900   1.0141356     -9.5701896e-05 -1.7147076      1.518161      -0.19654664     0.0014715088   339787.3       69.780763      69.780763      69.780763    
      5000   0.97365482    -2.5692422e-05 -1.6667938      1.4575613     -0.20923257     0.0014606461   342314.26      69.95332       69.95332       69.95332     
      5100   0.99793644     3.0889141e-05 -1.7075286      1.4939109     -0.21361775     0.0014505464   344697.7       70.1153        70.1153        70.1153      
      5200   1.0473898      0.00041022123 -1.7871879      1.5679426     -0.21924536     0.0014419467   346753.45      70.254411      70.254411      70.254411    
      5300   1.0367418      0.00013684534 -1.7846817      1.5520024     -0.23267925     0.0014299536   349661.7       70.450274      70.450274      70.450274    
      5400   1.0137912      0.00055108476 -1.7714641      1.5176454     -0.25381867     0.0014170384   352848.59      70.66366       70.66366       70.66366     
      5500   0.97630826    -0.00053649958 -1.7446258      1.4615335     -0.28309238     0.0014001645   357100.89      70.946392      70.946392      70.946392    
      5600   0.98078232     2.4769382e-06 -1.7719496      1.4682311     -0.30371844     0.0013848689   361045.02      71.206633      71.206633      71.206633    
      5700   0.99319947     0.00029213934 -1.7911079      1.4868196     -0.30428829     0.0013743594   363805.86      71.387674      71.387674      71.387674    
      5800   0.99608147     0.00029584761 -1.783042       1.491134      -0.29190803     0.0013607269   367450.66      71.625282      71.625282      71.625282    
      5900   0.98742625     0.00059106479 -1.7356841      1.4781771     -0.25750698     0.0013398218   373183.96      71.995882      71.995882      71.995882    
      6000   0.98662756    -0.00039502979 -1.6603658      1.4769815     -0.18338434     0.0013237159   377724.56      72.286701      72.286701      72.286701    
      6100   1.0792885      0.00030579355 -1.732623       1.6156948     -0.11692814     0.0013132011   380749         72.479122      72.479122      72.479122    
      6200   1.0513509     -1.0176561e-05 -1.675522       1.5738723     -0.10164967     0.0012962396   385731.17      72.793887      72.793887      72.793887    
      6300   1.0577948      0.00037919899 -1.6946234      1.5835189     -0.11110456     0.0012847027   389195.11      73.011139      73.011139      73.011139    
      6400   1.0156728      0.00016702313 -1.6799278      1.5204622     -0.1594656      0.0012735523   392602.65      73.2236        73.2236        73.2236      
      6500   0.95700288    -9.4327341e-05 -1.6534279      1.4326333     -0.22079461     0.0012599323   396846.73      73.486507      73.486507      73.486507    
      6600   0.97890584     0.0001658536  -1.7251729      1.465422      -0.25975091     0.0012481775   400584.06      73.716474      73.716474      73.716474    
      6700   0.98189039     6.9990127e-05 -1.7453372      1.4698899     -0.2754473      0.0012368533   404251.65      73.940764      73.940764      73.940764    
      6800   0.9588172      0.00065220597 -1.7189544      1.4353494     -0.28360501     0.0012276717   407275         74.124638      74.124638      74.124638    
      6900   0.95765526     0.00027899332 -1.7127638      1.4336099     -0.27915392     0.0012147918   411593.18      74.385689      74.385689      74.385689    
      7000   1.0026343      0.00048232542 -1.7622704      1.5009435     -0.26132689     0.0012038018   415350.77      74.611369      74.611369      74.611369    
      7100   0.9892         0.00015560973 -1.7259444      1.4808324     -0.24511195     0.0011946733   418524.46      74.800921      74.800921      74.800921    
      7200   1.0101859     -0.00028244846 -1.7457821      1.5122483     -0.23353378     0.0011829534   422670.91      75.047135      75.047135      75.047135    
      7300   1.0217736      0.00015228108 -1.7449476      1.5295951     -0.21535252     0.0011719766   426629.68      75.280707      75.280707      75.280707    
      7400   1.0047207      5.5848239e-05 -1.6958752      1.5040669     -0.19180836     0.0011617922   430369.58      75.500041      75.500041      75.500041    
      7500   1.0318792     -0.0001605133  -1.7171989      1.5447232     -0.17247574     0.0011522965   433916.08      75.706863      75.706863      75.706863    
      7600   1.0184022     -2.4349196e-05 -1.7010258      1.5245482     -0.17647763     0.0011427286   437549.22      75.917571      75.917571      75.917571    
      7700   1.0105026      8.5637229e-05 -1.7287832      1.5127224     -0.21606084     0.0011323646   441553.9       76.14848       76.14848       76.14848     
      7800   0.95796903     0.00010538143 -1.6987833      1.4340796     -0.26470365     0.0011191334   446774.26      76.447399      76.447399      76.447399    
      7900   1.0316482      7.6222634e-05 -1.8485077      1.5443773     -0.30413042     0.0011107628   450141.1       76.638952      76.638952      76.638952    
      8000   1.0167079      0.00012776931 -1.859112       1.5220117     -0.33710027     0.0010990247   454948.85      76.910834      76.910834      76.910834    
      8100   0.97071886     0.00024944242 -1.8119156      1.4531661     -0.35874949     0.0010868444   460047.45      77.19708       77.19708       77.19708     
      8200   0.94163687    -0.00023673621 -1.7519416      1.4096304     -0.34231117     0.0010767102   464377.52      77.438523      77.438523      77.438523    
      8300   0.99215508    -0.0003200546  -1.7579063      1.4852562     -0.27265015     0.0010667045   468733.38      77.679895      77.679895      77.679895    
      8400   1.0818538      0.00018733044 -1.8247159      1.6195351     -0.20518075     0.0010557273   473607.15      77.948199      77.948199      77.948199    
      8500   1.0418344     -0.00044357451 -1.7431937      1.5596262     -0.18356752     0.0010417652   479954.61      78.294885      78.294885      78.294885    
      8600   0.95941295     0.00010472427 -1.6124669      1.4362412     -0.17622573     0.0010309151   485005.99      78.568604      78.568604      78.568604    
      8700   1.0140974     -8.1431679e-05 -1.692738       1.5181038     -0.17463421     0.0010250998   487757.39      78.716894      78.716894      78.716894    
      8800   0.99452339    -8.9919661e-05 -1.6841572      1.4888015     -0.19535565     0.0010177067   491300.66      78.907046      78.907046      78.907046    
      8900   1.0151937      4.3216748e-05 -1.7474037      1.519745      -0.22765864     0.0010069741   496537.12      79.186396      79.186396      79.186396    
      9000   0.93605213    -6.52882e-05   -1.670784       1.40127       -0.26951396     0.00099605303  501981.3       79.474752      79.474752      79.474752    
      9100   1.0015887      0.0002559229  -1.8116492      1.4993783     -0.31227096     0.00098980665  505149.16      79.641582      79.641582      79.641582    
      9200   0.98699233     0.00014575398 -1.8267757      1.4775275     -0.34924819     0.00097840554  511035.54      79.949736      79.949736      79.949736    
      9300   0.94886639     9.3858251e-05 -1.8107774      1.420453      -0.3903244      0.00096819845  516423.05      80.229707      80.229707      80.229707    
      9400   0.93394035     0.00025667164 -1.8224727      1.3981087     -0.42436402     0.00095960569  521047.35      80.468467      80.468467      80.468467    
      9500   0.94141928    -6.4482496e-06 -1.8480112      1.4093047     -0.43870656     0.00095001495  526307.51      80.738347      80.738347      80.738347    
      9600   0.98462502    -0.00030313541 -1.8845556      1.4739837     -0.41057193     0.00094074573  531493.24      81.002654      81.002654      81.002654    
      9700   0.99822656     0.00014265129 -1.8423224      1.4943452     -0.34797725     0.00093186126  536560.56      81.25927       81.25927       81.25927     
      9800   0.97640258    -0.00036969553 -1.7512383      1.4616747     -0.28956369     0.00091952988  543756.12      81.620901      81.620901      81.620901    
      9900   0.95302416     0.00024478663 -1.6661557      1.4266772     -0.23947856     0.00091045898  549173.56      81.891069      81.891069      81.891069    
     10000   1.014799      -0.00022163849 -1.711439       1.5191541     -0.19228487     0.00090194168  554359.57      82.148035      82.148035      82.148035    
     10100   1.0009562      0.00010388108 -1.6686838      1.4984314     -0.17025248     0.00089288023  559985.52      82.424996      82.424996      82.424996    
     10200   1.0082062      3.1869013e-06 -1.6782827      1.5092847     -0.16899796     0.0008815269   567197.67      82.777342      82.777342      82.777342    
     10300   1.018012       0.00012032373 -1.7015872      1.5239639     -0.17762331     0.00087261565  572989.95      83.058166      83.058166      83.058166    
     10400   0.98545774    -0.00011993737 -1.6684169      1.4752302     -0.19318662     0.0008646351   578278.63      83.312925      83.312925      83.312925    
     10500   0.98970992    -0.00025581109 -1.6905937      1.4815957     -0.20899794     0.00085711472  583352.49      83.55588       83.55588       83.55588     
     10600   0.96531428     0.00023676139 -1.6975705      1.4450755     -0.25249503     0.00085111464  587464.93      83.751768      83.751768      83.751768    
     10700   1.0027712     -0.0001156189  -1.8040932      1.5011486     -0.30294467     0.00084513411  591622.08      83.948858      83.948858      83.948858    
     10800   1.0062228      0.00019757585 -1.8548001      1.5063155     -0.34848456     0.00083834641  596412.17      84.174814      84.174814      84.174814    
     10900   0.93944741    -9.2902201e-05 -1.7767228      1.4063528     -0.37037        0.00082918017  603005.26      84.48385       84.48385       84.48385     
     11000   0.97822042     0.00030393536 -1.8208798      1.464396      -0.35648387     0.00082427951  606590.35      84.650949      84.650949      84.650949    
     11100   1.0222998      0.00031132581 -1.8409508      1.5303827     -0.31056801     0.00081710249  611918.34      84.898071      84.898071      84.898071    
     11200   0.96085595    -6.5948705e-05 -1.6816331      1.4384014     -0.24323173     0.00080711114  619493.37      85.246958      85.246958      85.246958    
     11300   1.0150081      0.00015976846 -1.7092677      1.5194671     -0.18980061     0.00080032228  624748.32      85.487319      85.487319      85.487319    
     11400   1.0336179     -5.0126865e-05 -1.7228412      1.547326      -0.17551524     0.00079407749  629661.47      85.710831      85.710831      85.710831    
     11500   1.0725434      0.00027572824 -1.8027522      1.6055974     -0.19715478     0.00078738223  635015.6       85.953084      85.953084      85.953084    
     11600   0.98935179    -0.00041321352 -1.7058969      1.4810596     -0.2248373      0.00077870083  642095.12      86.271323      86.271323      86.271323    
     11700   1.0082783     -0.00025849737 -1.7625891      1.5093926     -0.25319652     0.00077281979  646981.36      86.489607      86.489607      86.489607    
     11800   1.0144894      0.00047406296 -1.8066202      1.5186906     -0.2879296      0.00076558265  653097.35      86.761285      86.761285      86.761285    
     11900   0.98605614     4.250652e-05  -1.7948         1.476126      -0.31867396     0.00075553974  661778.56      87.144015      87.144015      87.144015    
     12000   0.96769575    -0.00021102278 -1.7867161      1.4486405     -0.33807554     0.00074922201  667358.93      87.388273      87.388273      87.388273    
     12100   1.0243342      0.00037153919 -1.8950969      1.5334282     -0.36166863     0.00074399098  672051.16      87.592606      87.592606      87.592606    
     12200   0.97524891    -0.00035364454 -1.8427107      1.4599476     -0.38276306     0.00073375565  681425.76      87.998009      87.998009      87.998009    
     12300   0.95844886    -0.00014587239 -1.8549034      1.4347979     -0.42010548     0.00072566676  689021.5       88.323769      88.323769      88.323769    
     12400   0.96320689     1.4759568e-05 -1.926317       1.4419207     -0.48439632     0.00071873511  695666.59      88.606799      88.606799      88.606799    
     12500   0.92348801     0.00013334631 -1.9309103      1.3824616     -0.54844873     0.00071124377  702993.86      88.916804      88.916804      88.916804    
     12600   0.91377577     7.1842057e-05 -1.9209842      1.3679223     -0.55306182     0.00070400622  710221         89.220469      89.220469      89.220469    
     12700   0.95475863     2.4200516e-05 -1.9293458      1.4292737     -0.5000721      0.00069874181  715571.89      89.443975      89.443975      89.443975    
     12800   0.97968366     3.5533375e-05 -1.8999883      1.4665864     -0.4334019      0.00069367245  720801.29      89.661332      89.661332      89.661332    
     12900   0.98276879     0.00034721956 -1.8725114      1.4712049     -0.40130649     0.00068867077  726036.33      89.877873      89.877873      89.877873    
     13000   0.98135292    -4.2179977e-05 -1.8430291      1.4690853     -0.37394375     0.00067958274  735745.58      90.276744      90.276744      90.276744    
     13100   0.99814859    -0.00017858137 -1.834047       1.4942284     -0.33981857     0.00067367464  742198.04      90.539884      90.539884      90.539884    
     13200   1.0554411     -8.9551467e-05 -1.8933151      1.5799954     -0.31331974     0.00066864446  747781.57      90.76636       90.76636       90.76636     
     13300   1.0726881      0.00026644706 -1.9092661      1.605814      -0.30345206     0.00066358202  753486.35      90.996593      90.996593      90.996593    
     13400   1.0125528     -0.00011205865 -1.8300591      1.5157916     -0.31426747     0.00065714018  760872.67      91.292968      91.292968      91.292968    
     13500   0.96625801    -0.0002251375  -1.7900204      1.4464882     -0.34353219     0.00065035758  768807.83      91.609237      91.609237      91.609237    
     13600   0.98404633     0.00039388949 -1.8593819      1.4731174     -0.38626452     0.00064554878  774534.81      91.836145      91.836145      91.836145    
     13700   0.94081216    -0.00019680623 -1.8432349      1.4083958     -0.43483908     0.00064013884  781080.56      92.094128      92.094128      92.094128    
     13800   0.97380337     0.0003309229  -1.9294649      1.4577836     -0.4716813      0.00063548298  786803.14      92.31849       92.31849       92.31849     
     13900   0.98938686    -0.00022071101 -1.9661306      1.4811121     -0.48501849     0.00062861992  795393.18      92.653242      92.653242      92.653242    
     14000   0.90578533     0.00040830899 -1.8323719      1.3559606     -0.47641124     0.00062392996  801372.01      92.884815      92.884815      92.884815    
     14100   0.9924602     -0.00010283588 -1.8965941      1.4857129     -0.41088114     0.00061744362  809790.54      93.208939      93.208939      93.208939    
     14200   0.99543686    -0.00012405928 -1.8206943      1.490169      -0.33052533     0.00061052787  818963.43      93.55956       93.55956       93.55956     
     14300   0.99031832    -5.484642e-06  -1.7669656      1.4825065     -0.28445904     0.0006059094   825205.88      93.796674      93.796674      93.796674    
     14400   0.98761298    -1.9523708e-05 -1.7440572      1.4784566     -0.26560058     0.00059862991  835240.58      94.17534       94.17534       94.17534     
     14500   0.99478251     0.00021633081 -1.7443463      1.4891894     -0.25515692     0.00059222643  844271.67      94.513549      94.513549      94.513549    
     14600   1.0278909      7.4862657e-05 -1.7866203      1.5387526     -0.24786768     0.00058691156  851917.12      94.797987      94.797987      94.797987    
     14700   0.98703337    -0.00019506118 -1.7307915      1.477589      -0.2532025      0.00058253589  858316.21      95.03475       95.03475       95.03475     
     14800   1.0402211      0.00058072002 -1.8356769      1.557211      -0.27846593     0.00057984066  862305.87      95.181771      95.181771      95.181771    
     14900   1.008002      -1.4310873e-05 -1.8592773      1.508979      -0.35029824     0.00057302725  872558.85      95.557528      95.557528      95.557528    
     15000   0.91941826    -0.00023074757 -1.7773888      1.3763691     -0.40101969     0.00056660524  882448.6       95.917196      95.917196      95.917196    
     15100   0.95106907     0.00016087704 -1.8343653      1.4237504     -0.41061494     0.00056479976  885269.49      96.019292      96.019292      96.019292    
     15200   0.99709429     6.9328148e-05 -1.8789328      1.4926502     -0.38628261     0.00056030792  892366.47      96.275197      96.275197      96.275197    
     15300   0.96695313     8.515588e-05  -1.8082161      1.4475288     -0.36068727     0.00055458187  901580.14      96.605409      96.605409      96.605409    
     15400   0.98388917     1.5525075e-05 -1.796816       1.4728821     -0.32393393     0.0005486006   911409.87      96.95523       96.95523       96.95523     
     15500   1.0357893      0.00011717677 -1.8175903      1.5505766     -0.26701371     0.00054500427  917424.01      97.168023      97.168023      97.168023    
     15600   1.0214009      7.4471686e-07 -1.7325105      1.5290372     -0.20347327     0.00054091537  924359.03      97.412247      97.412247      97.412247    
     15700   1.05721       -5.0247092e-05 -1.7580444      1.5826433     -0.17540109     0.00053566591  933417.63      97.729423      97.729423      97.729423    
     15800   1.0591488     -0.00018916043 -1.7659409      1.5855458     -0.18039507     0.00052884722  945452.63      98.147654      98.147654      98.147654    
     15900   0.95917248     7.6949667e-05 -1.6324066      1.4358812     -0.19652544     0.00052489145  952577.91      98.393597      98.393597      98.393597    
     16000   1.006111       7.9380866e-05 -1.7142373      1.5061482     -0.2080891      0.00052136103  959028.33      98.615189      98.615189      98.615189    
     16100   0.99658047    -1.7816434e-05 -1.7124442      1.491881      -0.22056327     0.00051620608  968605.4       98.942367      98.942367      98.942367    
     16200   1.0160937     -3.9524936e-05 -1.7485125      1.5210922     -0.22742034     0.00051152785  977463.89      99.243082      99.243082      99.243082    
     16300   1.0071217     -4.3500769e-05 -1.7516392      1.5076612     -0.24397805     0.00050722077  985764.06      99.523199      99.523199      99.523199    
     16400   0.98469798     7.1123618e-05 -1.7328883      1.4740929     -0.25879539     0.00050194616  996122.78      99.870592      99.870592      99.870592    
     16500   0.92604694    -0.00037476583 -1.6329058      1.3862923     -0.2466135      0.00049669954  1006644.8      100.221        100.221        100.221      
     16600   1.0204872     -0.00010034295 -1.715068       1.5276694     -0.18739862     0.00049449992  1011122.5      100.36938      100.36938      100.36938    
     16700   1.0569788     -0.0001464395  -1.7183228      1.5822973     -0.13602544     0.0004913083   1017690.9      100.58625      100.58625      100.58625    
     16800   1.0837327      0.00013513059 -1.7614782      1.6223479     -0.13913035     0.00048819191  1024187.4      100.79983      100.79983      100.79983    
     16900   1.0996785      3.1692116e-05 -1.8282709      1.6462187     -0.18205214     0.0004831144   1034951.6      101.15174      101.15174      101.15174    
     17000   0.99556721     7.8461462e-05 -1.7246058      1.4903641     -0.23424169     0.00047724528  1047679.3      101.5647       101.5647       101.5647     
     17100   1.0063055     -2.679073e-05  -1.7751456      1.5064393     -0.26870634     0.00047285652  1057403.2      101.87795      101.87795      101.87795    
     17200   1.0387659      0.00021800543 -1.8468633      1.5550325     -0.29183072     0.00046979203  1064300.7      102.09899      102.09899      102.09899    
     17300   1.0012619     -8.4219211e-05 -1.8225474      1.498889      -0.32365838     0.00046577948  1073469.4      102.39134      102.39134      102.39134    
     17400   0.99583229     6.2749854e-05 -1.8422456      1.4907609     -0.3514847      0.00046196218  1082339.7      102.67259      102.67259      102.67259    
     17500   0.97770267     0.00018750931 -1.8326628      1.4636209     -0.36904188     0.00045805059  1091582.5      102.96403      102.96403      102.96403    
     17600   0.95221838    -2.4767591e-05 -1.7949063      1.4254709     -0.36943539     0.00045337558  1102838.4      103.31672      103.31672      103.31672    
     17700   1.0120628      0.00035523013 -1.8593694      1.515058      -0.34431139     0.00044895802  1113689.9      103.65448      103.65448      103.65448    
     17800   1.0289116     -8.4233567e-05 -1.8227709      1.5402806     -0.28249032     0.00044406385  1125964.2      104.0339       104.0339       104.0339     
     17900   1.0434346     -0.00011306298 -1.7600708      1.5620217     -0.19804919     0.00043830662  1140753.9      104.48742      104.48742      104.48742    
     18000   1.0245654     -8.6069889e-05 -1.6836945      1.5337745     -0.14992001     0.00043269309  1155553.5      104.93733      104.93733      104.93733    
     18100   1.0060569     -9.2270081e-05 -1.6363014      1.5060671     -0.13023425     0.00042859038  1166615.1      105.27111      105.27111      105.27111    
     18200   0.99462628     7.2818956e-05 -1.6373328      1.4889555     -0.14837723     0.00042597983  1173764.5      105.48572      105.48572      105.48572    
     18300   0.99710043    -7.1964822e-05 -1.6688525      1.4926593     -0.17619319     0.0004217649   1185494.6      105.83594      105.83594      105.83594    
     18400   1.0368098      0.00013740276 -1.7619989      1.5521043     -0.20989453     0.00041908086  1193087.2      106.06141      106.06141      106.06141    
     18500   1.0266732     -1.0739862e-05 -1.7942778      1.5369298     -0.25734807     0.00041561221  1203044.5      106.35565      106.35565      106.35565    
     18600   0.94918658     0.00018164599 -1.7421484      1.4209323     -0.32121613     0.00041230561  1212692.7      106.63921      106.63921      106.63921    
     18700   0.97812541    -9.6566846e-05 -1.8232992      1.4642537     -0.35904543     0.00040950525  1220985.6      106.88174      106.88174      106.88174    
     18800   0.98894741     7.3675306e-05 -1.8493453      1.4804543     -0.36889102     0.00040741856  1227239.1      107.0639       107.0639       107.0639     
     18900   0.95332987    -0.0002056017  -1.7874556      1.4271348     -0.36032075     0.00040380861  1238210.4      107.382        107.382        107.382      
     19000   0.96716104     0.00010605138 -1.7813905      1.4478401     -0.33355046     0.00040079204  1247529.8      107.65073      107.65073      107.65073    
     19100   1.0252311     -0.00011063066 -1.8203326      1.5347709     -0.2855617      0.00039712554  1259047.7      107.98101      107.98101      107.98101    
     19200   0.98982183    -5.6930089e-05 -1.7163255      1.4817633     -0.23456222     0.00039331428  1271248        108.32867      108.32867      108.32867    
     19300   1.0197428     -8.0348445e-05 -1.720274       1.5265549     -0.19371911     0.0003897678   1282815        108.65624      108.65624      108.65624    
     19400   1.0733557     -0.00010838161 -1.773923       1.6068135     -0.16710954     0.00038666022  1293125        108.94656      108.94656      108.94656    
     19500   1.053306      -0.00017880161 -1.7410641      1.5767991     -0.164265       0.00038367313  1303192.6      109.22856      109.22856      109.22856    
     19600   1.0546079      0.00012795546 -1.7763668      1.578748      -0.19761878     0.00038093541  1312558.5      109.4896       109.4896       109.4896     
     19700   1.0161578     -0.00010849663 -1.8029428      1.5211882     -0.28175455     0.00037824367  1321899.2      109.74872      109.74872      109.74872    
     19800   0.95480469    -0.00010148113 -1.7656604      1.4293426     -0.33631773     0.0003742586   1335974.7      110.13687      110.13687      110.13687    
     19900   0.99862865    -9.0841672e-05 -1.8366978      1.4949471     -0.34175075     0.00037179404  1344830.6      110.3797       110.3797       110.3797     
     20000   1.0109074      9.291723e-05  -1.8527496      1.5133284     -0.3394212      0.00037008469  1351042.1      110.54938      110.54938      110.54938    
     20100   1.027978      -3.8541057e-05 -1.8769375      1.5388831     -0.33805434     0.00036705081  1362209.2      110.85312      110.85312      110.85312    
     20200   1.0052392     -2.608046e-05  -1.8525185      1.5048431     -0.34767534     0.00036413673  1373110.6      111.14805      111.14805      111.14805    
     20300   0.9667748      0.00010456156 -1.8158898      1.4472619     -0.36862789     0.00036108063  1384732.3      111.46074      111.46074      111.46074    
     20400   1.00754       -6.9511455e-05 -1.8933013      1.5082874     -0.38501399     0.00035677966  1401425.2      111.90684      111.90684      111.90684    
     20500   0.93074753     6.1701286e-05 -1.7739797      1.393329      -0.38065066     0.00035314597  1415845.1      112.28935      112.28935      112.28935    
     20600   0.96594762    -1.7351459e-05 -1.7799064      1.4460236     -0.33388278     0.00034989359  1429005.9      112.6362       112.6362       112.6362     
     20700   1.0100103      1.7296451e-05 -1.7687433      1.5119854     -0.25675793     0.00034638963  1443461.2      113.01473      113.01473      113.01473    
     20800   1.0315988     -2.4717925e-05 -1.7439274      1.5443034     -0.19962403     0.00034303084  1457594.9      113.38239      113.38239      113.38239    
     20900   1.0402984     -4.4540267e-05 -1.7409233      1.5573266     -0.18359669     0.00034025527  1469485        113.68986      113.68986      113.68986    
     21000   1.0056416      0.00010018678 -1.7013331      1.5054455     -0.19588758     0.00033695198  1483891        114.06017      114.06017      114.06017    
     21100   0.98825391    -0.00011034246 -1.7022403      1.4794161     -0.22282416     0.00033374898  1498131.9      114.42388      114.42388      114.42388    
     21200   1.0218365     -0.0001328324  -1.7786484      1.5296893     -0.24895912     0.00033115256  1509878.1      114.72215      114.72215      114.72215    
     21300   1.0194984      9.9064337e-05 -1.8133588      1.5261891     -0.28716975     0.00032991097  1515560.4      114.86589      114.86589      114.86589    
     21400   0.98074401     3.8605065e-05 -1.825383       1.4681738     -0.35720921     0.00032668216  1530539.7      115.24308      115.24308      115.24308    
     21500   0.92351218    -7.7246516e-05 -1.809791       1.3824977     -0.42729322     0.00032309304  1547541.8      115.66824      115.66824      115.66824    
     21600   0.9252361      6.3963611e-05 -1.8199416      1.3850784     -0.43486311     0.00032027601  1561153.5      116.00638      116.00638      116.00638    
     21700   0.9473104      7.5956896e-05 -1.8171968      1.4181237     -0.39907311     0.00031762848  1574166.1      116.3278       116.3278       116.3278     
     21800   1.0070133      8.9081876e-05 -1.862316       1.5074989     -0.35481707     0.00031435774  1590544.6      116.72986      116.72986      116.72986    
     21900   0.99474108    -4.9077296e-05 -1.8039925      1.4891274     -0.31486512     0.00031081775  1608659.7      117.17134      117.17134      117.17134    
     22000   0.96120474    -2.1831801e-05 -1.7030067      1.4389235     -0.26408317     0.00030747474  1626149.8      117.59446      117.59446      117.59446    
     22100   0.99219515    -1.3377097e-05 -1.6931477      1.4853161     -0.2078316      0.00030519045  1638321.3      117.88712      117.88712      117.88712    
     22200   1.0266523      0.00010444444 -1.7113168      1.5368985     -0.17441833     0.00030391128  1645217        118.05228      118.05228      118.05228    
     22300   1.0183692      7.8146967e-05 -1.697639       1.5244987     -0.1731403      0.00030125835  1659705.1      118.3978       118.3978       118.3978     
     22400   0.96967836     1.1775281e-05 -1.6406305      1.4516085     -0.18902205     0.00029784749  1678711.5      118.84804      118.84804      118.84804    
     22500   0.96607978    -2.6073985e-05 -1.6504241      1.4462214     -0.20420266     0.00029577075  1690498.5      119.12555      119.12555      119.12555    
     22600   1.0120604      3.482307e-05  -1.746558       1.5150545     -0.23150355     0.00029397814  1700806.7      119.3672       119.3672       119.3672     
     22700   0.96878441    -3.8042916e-05 -1.7407663      1.4502703     -0.29049605     0.00029151079  1715202.4      119.70302      119.70302      119.70302    
     22800   0.93845898    -4.5886122e-05 -1.7756417      1.4048731     -0.37076862     0.00028896727  1730299.8      120.05321      120.05321      120.05321    
     22900   0.96935967     4.511861e-05  -1.8605272      1.4511314     -0.40939576     0.00028659568  1744618.1      120.38345      120.38345      120.38345    
     23000   0.96335994     3.5046726e-05 -1.8516729      1.4421498     -0.40952303     0.00028411809  1759831.6      120.73236      120.73236      120.73236    
     23100   0.95461518     9.9376507e-05 -1.8150216      1.4290589     -0.38596269     0.00028160634  1775528.2      121.09026      121.09026      121.09026    
     23200   0.98680399    -3.825629e-05  -1.8292813      1.4772456     -0.35203569     0.00027864231  1794415.2      121.5181       121.5181       121.5181     
     23300   0.97761102    -5.1622052e-06 -1.7810307      1.4634837     -0.31754705     0.00027571253  1813483        121.94701      121.94701      121.94701    
     23400   1.0116812      0.00010657426 -1.8105108      1.5144867     -0.29602411     0.00027331038  1829421.9      122.30324      122.30324      122.30324    
     23500   1.0109897      5.4599206e-06 -1.7991258      1.5134516     -0.28567416     0.00027108462  1844442.5      122.63705      122.63705      122.63705    
     23600   1.0393192      6.3802684e-05 -1.8410121      1.5558609     -0.28515122     0.00026927415  1856843.7      122.91129      122.91129      122.91129    
     23700   1.0231089      2.2591063e-06 -1.8182658      1.531594      -0.28667185     0.00026715358  1871582.6      123.23564      123.23564      123.23564    
     23800   1.0242292      8.2353745e-05 -1.8498385      1.5332711     -0.31656743     0.00026521463  1885265.5      123.53523      123.53523      123.53523    
     23900   0.99211148     9.1240779e-05 -1.8403254      1.4851909     -0.35513452     0.0002626323   1903802.4      123.9388       123.9388       123.9388     
     24000   0.95181147     0.00015452205 -1.8092014      1.4248618     -0.3843396      0.0002605044   1919353.4      124.27535      124.27535      124.27535    
     24100   0.97487952     9.4445631e-06 -1.8494764      1.4593946     -0.39008178     0.00025871503  1932628.4      124.5612       124.5612       124.5612     
     24200   0.98678783    -1.5834445e-05 -1.824315       1.4772214     -0.34709361     0.00025735583  1942835.3      124.7801       124.7801       124.7801     
     24300   1.0543355      3.1867816e-05 -1.8122298      1.5783403     -0.23388948     0.00025610885  1952294.9      124.98229      124.98229      124.98229    
     24400   1.056508       0.00014999316 -1.7712088      1.5815925     -0.18961637     0.00025435544  1965753.1      125.26882      125.26882      125.26882    
     24500   1.0075549      4.7725216e-05 -1.7024544      1.5083096     -0.19414481     0.00025192433  1984723        125.67049      125.67049      125.67049    
     24600   0.99519333    -3.7866404e-05 -1.7137058      1.4898044     -0.22390142     0.00024989856  2000811.9      126.00915      126.00915      126.00915    
     24700   0.98567816     2.4106175e-05 -1.7343682      1.4755602     -0.25880804     0.00024908912  2007313.7      126.1455       126.1455       126.1455     
     24800   0.98258514    -2.9937351e-05 -1.7554643      1.47093       -0.28453435     0.00024816676  2014774.3      126.30158      126.30158      126.30158    
     24900   0.97948217     1.9840629e-05 -1.7655         1.4662848     -0.29921523     0.00024718748  2022756.1      126.46815      126.46815      126.46815    
     25000   1.0049624     -5.8400568e-05 -1.8038619      1.5044287     -0.29943323     0.00024617641  2031063.8      126.64106      126.64106      126.64106    
     25100   0.97231371    -4.5295195e-05 -1.746258       1.4555536     -0.29070442     0.00024473462  2043029.3      126.88926      126.88926      126.88926    
     25200   0.99112859     1.2054794e-05 -1.7240425      1.4837195     -0.24032299     0.0002440733   2048565        127.00376      127.00376      127.00376    
     25300   1.0252034     -4.5429503e-05 -1.7006842      1.5347295     -0.16595475     0.00024359089  2052621.9      127.08754      127.08754      127.08754    
     25400   1.1017702      0.00012152382 -1.7853841      1.64935       -0.13603418     0.00024331716  2054931.1      127.13518      127.13518      127.13518    
     25500   1.0051129     -5.7667458e-05 -1.654972       1.5046541     -0.15031794     0.00024166097  2069014.3      127.42496      127.42496      127.42496    
     25600   0.96848929     4.7429949e-05 -1.6229545      1.4498285     -0.17312599     0.00024123285  2072686.2      127.50029      127.50029      127.50029    
     25700   1.0222849     -2.6366313e-06 -1.713218       1.5303605     -0.18285751     0.00024132097  2071929.3      127.48477      127.48477      127.48477    
     25800   1.0257032      0.00012317241 -1.7395002      1.5354777     -0.20402252     0.00024139063  2071331.4      127.47251      127.47251      127.47251    
     25900   0.96438041    -3.4606554e-05 -1.7027007      1.4436775     -0.25902318     0.00024071824  2077117.2      127.59109      127.59109      127.59109    
     26000   0.96694015     3.453731e-05  -1.790842       1.4475094     -0.3433326      0.00024149945  2070398.1      127.45336      127.45336      127.45336    
     26100   1.005062       0.00010163434 -1.9067616      1.5045778     -0.40218378     0.00024127557  2072319.2      127.49277      127.49277      127.49277    
     26200   0.90179887     1.4055143e-05 -1.7669732      1.3499929     -0.41698024     0.00024006451  2082773.5      127.7068       127.7068       127.7068     
     26300   0.95578734    -9.8177392e-06 -1.8198084      1.4308137     -0.38899475     0.00023975298  2085479.8      127.76209      127.76209      127.76209    
     26400   0.9692012      7.6822911e-05 -1.7959358      1.4508942     -0.34504163     0.0002395668   2087100.5      127.79517      127.79517      127.79517    
     26500   0.9882324      7.7708803e-05 -1.8040446      1.4793839     -0.32466065     0.00023947284  2087919.5      127.81189      127.81189      127.81189    
     26600   1.0202533      7.6893062e-05 -1.8453568      1.5273192     -0.3180376      0.00023876779  2094084.8      127.93757      127.93757      127.93757    
     26700   0.97952205    -0.00017054022 -1.7752965      1.4663445     -0.30895204     0.00023768622  2103613.7      128.13133      128.13133      128.13133    
     26800   1.0236269      0.00010888684 -1.8279727      1.5323694     -0.29560327     0.00023747652  2105471.3      128.16903      128.16903      128.16903    
     26900   0.98090685    -0.00011888207 -1.7506249      1.4684175     -0.28220732     0.00023586617  2119846.2      128.46006      128.46006      128.46006    
     27000   1.0010194      8.9658513e-06 -1.7751399      1.498526      -0.27661388     0.00023501074  2127562.3      128.61573      128.61573      128.61573    
     27100   1.0389241      8.2511682e-05 -1.8367608      1.5552693     -0.28149152     0.00023459772  2131308        128.69117      128.69117      128.69117    
     27200   1.0139981      1.103196e-05  -1.8290742      1.5179552     -0.311119       0.00023335983  2142613.8      128.91832      128.91832      128.91832    
     27300   0.98794622    -2.5789416e-05 -1.838276       1.4789555     -0.35932054     0.00023180794  2156958        129.20537      129.20537      129.20537    
     27400   0.91642808    -1.4910484e-05 -1.7756399      1.3718928     -0.40374709     0.00023025258  2171528.3      129.49565      129.49565      129.49565    
     27500   0.91960804    -7.165042e-05  -1.7971629      1.3766532     -0.42050968     0.00022893057  2184068.3      129.74444      129.74444      129.74444    
     27600   0.93800137    -2.998641e-06  -1.7998589      1.4041881     -0.39567085     0.00022796634  2193306.2      129.9271       129.9271       129.9271     
     27700   0.96333387    -2.331442e-05  -1.7755145      1.4421108     -0.33340372     0.00022672578  2205307.2      130.16364      130.16364      130.16364    
     27800   1.0320679      0.00011733817 -1.8288059      1.5450057     -0.28380023     0.00022559698  2216341.7      130.38038      130.38038      130.38038    
     27900   0.98820383     5.5875199e-05 -1.7487331      1.4793411     -0.269392       0.00022339419  2238196        130.80752      130.80752      130.80752    
     28000   0.96765248    -9.3791883e-05 -1.7078364      1.4485758     -0.25926066     0.00022128075  2259572.9      131.22265      131.22265      131.22265    
     28100   1.0336771      8.1786837e-05 -1.7955742      1.5474146     -0.24815963     0.00021963193  2276536        131.5502       131.5502       131.5502     
     28200   0.99605962    -1.7194766e-05 -1.7230671      1.4911012     -0.23196584     0.00021737429  2300180        132.00406      132.00406      132.00406    
     28300   1.0185916      4.5248339e-05 -1.7479266      1.5248317     -0.22309494     0.00021561655  2318931.4      132.36179      132.36179      132.36179    
     28400   1.0553918     -5.4385898e-05 -1.8187311      1.5799216     -0.23880949     0.00021392429  2337275.5      132.70989      132.70989      132.70989    
     28500   0.98621896     3.2478781e-05 -1.7761403      1.4763698     -0.2997705      0.00021197101  2358813.1      133.11628      133.11628      133.11628    
     28600   0.94137017    -1.0341122e-05 -1.811102       1.4092311     -0.40187081     0.0002107873   2372059.4      133.36499      133.36499      133.36499    
     28700   0.94069401     3.3685472e-05 -1.8610519      1.4082189     -0.45283298     0.00020930115  2388902.4      133.67991      133.67991      133.67991    
     28800   1.0184584      6.7992112e-05 -1.9937428      1.5246322     -0.46911062     0.00020731934  2411738.3      134.10451      134.10451      134.10451    
     28900   0.91649975    -5.9657559e-05 -1.8272709      1.3720001     -0.45527081     0.00020440013  2446182.4      134.73992      134.73992      134.73992    
     29000   0.95011269    -3.0311232e-05 -1.8314766      1.4223187     -0.40915792     0.0002024134   2470192.2      135.17932      135.17932      135.17932    
     29100   1.0177214     -1.9310418e-05 -1.872347       1.5235289     -0.34881816     0.00020053696  2493306        135.59964      135.59964      135.59964    
     29200   0.98322346    -5.6067307e-05 -1.7843482      1.4718855     -0.31246264     0.00019856467  2518071.3      136.04712      136.04712      136.04712    
     29300   1.0236208      8.0073033e-05 -1.8244125      1.5323603     -0.29205228     0.00019692622  2539021.9      136.42338      136.42338      136.42338    
     29400   0.9839318     -8.2694263e-05 -1.7493834      1.4729459     -0.2764375      0.00019482159  2566450.7      136.91288      136.91288      136.91288    
     29500   1.0106848      4.7590093e-05 -1.7728292      1.5129952     -0.25983397     0.00019346987  2584381.7      137.231        137.231        137.231      
     29600   0.99742638     1.9064345e-05 -1.7357874      1.4931473     -0.24264011     0.00019181253  2606711.9      137.62511      137.62511      137.62511    
     29700   0.99266015     1.2218078e-05 -1.711107       1.4860122     -0.22509474     0.00019036636  2626514.5      137.97273      137.97273      137.97273    
     29800   1.0300894     -4.2473081e-05 -1.7488258      1.5420439     -0.20678195     0.00018898332  2645736.1      138.30849      138.30849      138.30849    
     29900   0.9946857     -5.2512497e-05 -1.6809984      1.4890445     -0.19195393     0.00018777399  2662775.6      138.60477      138.60477      138.60477    
     30000   1.0725921     -7.36149e-06   -1.7951353      1.6056703     -0.189465       0.00018712043  2672075.9      138.76596      138.76596      138.76596    
     30100   1.0665471      6.1742955e-05 -1.8126917      1.596621      -0.21607066     0.00018581908  2690789.4      139.08914      139.08914      139.08914    
     30200   0.99344796     3.3239191e-05 -1.7628035      1.4871916     -0.2756119      0.00018416319  2714983.4      139.50477      139.50477      139.50477    
     30300   0.93412846    -4.440459e-05  -1.7103287      1.3983903     -0.3119384      0.00018264058  2737617.3      139.89137      139.89137      139.89137    
     30400   0.97073243     1.876708e-05  -1.7646122      1.4531865     -0.31142571     0.00018191924  2748472.3      140.07602      140.07602      140.07602    
     30500   0.96914394    -7.7841339e-05 -1.7311575      1.4508085     -0.28034898     0.00018119648  2759435.5      140.26202      140.26202      140.26202    
     30600   1.0454691      2.0856136e-05 -1.7974876      1.5650673     -0.23242027     0.00018065519  2767703.5      140.40197      140.40197      140.40197    
     30700   1.0223405     -3.5862599e-05 -1.7182991      1.5304438     -0.18785532     0.00017961644  2783709.5      140.6721       140.6721       140.6721     
     30800   1.052731       7.2849227e-05 -1.7394299      1.5759382     -0.16349165     0.00017949253  2785631.2      140.70446      140.70446      140.70446    
     30900   0.98163176    -6.5110662e-05 -1.6332638      1.4695027     -0.16376108     0.00017857592  2799929.5      140.94479      140.94479      140.94479    
     31000   1.05453        4.9753394e-06 -1.7758467      1.5786314     -0.19721524     0.00017841781  2802410.8      140.98641      140.98641      140.98641    
     31100   1.011561      -2.3763728e-05 -1.8284985      1.5143069     -0.31419158     0.00017822637  2805420.9      141.03688      141.03688      141.03688    
     31200   0.94129984    -6.5642829e-05 -1.79807        1.4091259     -0.3889441      0.00017794247  2809896.9      141.11184      141.11184      141.11184    
     31300   0.97585852     3.0065669e-05 -1.8666485      1.4608602     -0.40578832     0.00017796395  2809557.7      141.10616      141.10616      141.10616    
     31400   0.97556074    -7.0781194e-05 -1.864837       1.4604144     -0.40442254     0.00017740172  2818462        141.25507      141.25507      141.25507    
     31500   0.97361531     7.8416739e-05 -1.8454172      1.4575021     -0.38791511     0.00017712723  2822829.6      141.328        141.328        141.328      
     31600   1.022714      -4.0289354e-06 -1.8832563      1.5310028     -0.35225344     0.00017668234  2829937.6      141.44653      141.44653      141.44653    
     31700   0.99475762     3.5304065e-05 -1.8053871      1.4891522     -0.316235       0.00017546528  2849566.6      141.77281      141.77281      141.77281    
     31800   1.0147186      2.2132722e-05 -1.7988749      1.5190337     -0.27984114     0.00017500741  2857021.8      141.89634      141.89634      141.89634    
     31900   1.0131821      5.7181646e-05 -1.7607346      1.5167336     -0.24400098     0.00017454057  2864663.6      142.02274      142.02274      142.02274    
     32000   1.0282123      1.6027167e-05 -1.7626956      1.5392338     -0.22346182     0.00017359987  2880186.4      142.2788       142.2788       142.2788     
     32100   1.0284209     -1.1747588e-06 -1.7547867      1.5395461     -0.2152406      0.00017284101  2892832        142.48672      142.48672      142.48672    
     32200   1.013712      -2.2635621e-05 -1.7438972      1.5175269     -0.22637028     0.00017260436  2896798.2      142.55181      142.55181      142.55181    
     32300   0.99613213     2.8826762e-05 -1.7488026      1.4912098     -0.2575928      0.00017214116  2904593        142.67956      142.67956      142.67956    
     32400   0.95677244     2.4861505e-05 -1.7317632      1.4322883     -0.29947486     0.00017156415  2914361.8      142.83934      142.83934      142.83934    
     32500   0.97941432    -4.7342074e-06 -1.7985649      1.4661832     -0.33238163     0.00017155002  2914601.9      142.84326      142.84326      142.84326    
     32600   1.0016192     -9.3775557e-05 -1.8552537      1.4994239     -0.3558298      0.00017113813  2921616.6      142.95776      142.95776      142.95776    
     32700   0.94362727    -4.0178626e-05 -1.7772047      1.41261       -0.36459472     0.00017051594  2932277.2      143.13143      143.13143      143.13143    
     32800   0.97108755    -2.8099815e-05 -1.7943756      1.4537181     -0.34065756     0.00016997463  2941615.5      143.28321      143.28321      143.28321    
     32900   1.0121448     -2.7183265e-05 -1.7941303      1.5151807     -0.2789496      0.00016937849  2951968.8      143.45111      143.45111      143.45111    
     33000   0.96621255    -7.0884409e-05 -1.6483773      1.4464202     -0.20195706     0.00016826975  2971419.4      143.76549      143.76549      143.76549    
     33100   1.0251333     -2.8604044e-05 -1.6942918      1.5346246     -0.15966722     0.0001674737   2985543.5      143.99292      143.99292      143.99292    
     33200   1.0042363      3.6525788e-05 -1.6528245      1.5033418     -0.14948269     0.00016672528  2998945.3      144.20805      144.20805      144.20805    
     33300   0.99067282    -8.9647722e-06 -1.6323284      1.4830372     -0.14929117     0.00016563937  3018606        144.5225       144.5225       144.5225     
     33400   1.0125962      2.0403935e-05 -1.6738136      1.5158565     -0.1579571      0.00016483798  3033281.6      144.75633      144.75633      144.75633    
     33500   1.0281787     -1.4861827e-05 -1.7152829      1.5391835     -0.17609939     0.0001639579   3049563.3      145.01487      145.01487      145.01487    
     33600   0.99388933    -2.4378424e-05 -1.7090697      1.4878523     -0.22121737     0.00016304234  3066688.2      145.28581      145.28581      145.28581    
     33700   1.0317141      4.2177468e-05 -1.8344458      1.544476      -0.28996976     0.00016229137  3080878.5      145.50956      145.50956      145.50956    
     33800   1.0005349      3.879206e-05  -1.8633312      1.4978008     -0.36553044     0.00016166388  3092836.9      145.69758      145.69758      145.69758    
     33900   0.99295965    -8.1846151e-06 -1.8933486      1.4864606     -0.40688797     0.00016080669  3109323.3      145.956        145.956        145.956      
     34000   1.0070064      4.7273731e-05 -1.915026       1.5074886     -0.40753734     0.00015916629  3141368.8      146.45571      146.45571      146.45571    
     34100   0.94011888    -7.4820497e-05 -1.7874614      1.407358      -0.38010349     0.0001575016   3174570.9      146.96988      146.96988      146.96988    
     34200   0.9660694      3.4866256e-05 -1.7808776      1.4462059     -0.33467168     0.00015660749  3192695.3      147.24905      147.24905      147.24905    
     34300   0.97918743    -8.3839573e-05 -1.7555737      1.4658436     -0.28973013     0.00015515454  3222593.4      147.70726      147.70726      147.70726    
     34400   1.0170774     -4.7808324e-05 -1.7917302      1.5225649     -0.26916536     0.00015389024  3249069        148.11066      148.11066      148.11066    
     34500   1.0272606      4.1821016e-05 -1.8073065      1.5378091     -0.26949739     0.00015247834  3279154.3      148.56641      148.56641      148.56641    
     34600   1.0459023      1.4909575e-05 -1.850594       1.5657158     -0.28487824     0.0001506143   3319737.9      149.17679      149.17679      149.17679    
     34700   1.0290015     -4.3177167e-05 -1.8530465      1.5404153     -0.31263121     0.000148716    3362113.1      149.80884      149.80884      149.80884    
     34800   0.97533271     2.1225676e-05 -1.7997438      1.4600731     -0.33967071     0.00014728941  3394677.3      150.29095      150.29095      150.29095    
     34900   1.0177857      1.639573e-05  -1.8864346      1.5236252     -0.36280938     0.00014569047  3431933.5      150.83876      150.83876      150.83876    
     35000   0.9989239     -5.1155754e-05 -1.8931431      1.4953891     -0.39775404     0.00014382995  3476327.4      151.48637      151.48637      151.48637    
     35100   0.97221448    -4.5528842e-05 -1.8917463      1.4554051     -0.43634121     0.00014267377  3504498.3      151.89447      151.89447      151.89447    
     35200   0.94148406     1.0965109e-05 -1.8630756      1.4094016     -0.45367396     0.00014117957  3541589        152.42846      152.42846      152.42846    
     35300   0.95453579     2.2110494e-05 -1.8614729      1.4289401     -0.43253284     0.0001394203   3586278.3      153.06692      153.06692      153.06692    
     35400   0.96595176    -4.3322009e-05 -1.8168908      1.4460298     -0.37086099     0.00013769376  3631246.6      153.70403      153.70403      153.70403    
     35500   1.0047772     -5.9094763e-06 -1.810643       1.5041515     -0.30649146     0.0001363162   3667942.7      154.22005      154.22005      154.22005    
     35600   0.99986553    -6.8721166e-06 -1.7687571      1.4967987     -0.27195838     0.00013512987  3700144.2      154.67005      154.67005      154.67005    
     35700   1.0140923     -1.7562773e-05 -1.7705319      1.5180961     -0.25243577     0.00013406879  3729428.8      155.07702      155.07702      155.07702    
     35800   0.99397455     4.7195074e-05 -1.7314884      1.4879799     -0.24350847     0.00013329614  3751046.3      155.37607      155.37607      155.37607    
     35900   1.014613       3.9769929e-05 -1.7606295      1.5188757     -0.24175388     0.0001327982   3765111.2      155.57003      155.57003      155.57003    
     36000   0.99735482    -9.0240625e-05 -1.7425885      1.4930402     -0.24954833     0.00013231798  3778776        155.75801      155.75801      155.75801    
     36100   0.98646343    -3.6511825e-05 -1.7607486      1.4767358     -0.2840128      0.0001315947   3799545.2      156.04285      156.04285      156.04285    
     36200   0.9747876      1.5689867e-05 -1.8119255      1.459257      -0.35266845     0.00013139439  3805337.6      156.1221       156.1221       156.1221     
     36300   0.96911067    -1.125538e-05  -1.8723447      1.4507587     -0.42158601     0.00013125897  3809263.4      156.17577      156.17577      156.17577    
     36400   0.93739156    -2.0007081e-06 -1.8427408      1.4032752     -0.43946568     0.00013092318  3819033.5      156.30918      156.30918      156.30918    
     36500   0.93947268    -3.7808145e-05 -1.8221656      1.4063906     -0.41577503     0.00013072413  3824848.5      156.38848      156.38848      156.38848    
     36600   0.97796391    -1.7715292e-05 -1.8326665      1.464012      -0.36865452     0.00013078897  3822952.3      156.36263      156.36263      156.36263    
     36700   0.99587147     5.7013029e-07 -1.8163664      1.4908196     -0.32554686     0.00013067979  3826146.4      156.40616      156.40616      156.40616    
     36800   1.0139104     -8.8739626e-06 -1.822414       1.5178238     -0.3045902      0.00013031389  3836889.5      156.55241      156.55241      156.55241    
     36900   0.99150447     2.5836064e-06 -1.7805319      1.4842822     -0.29624969     0.00012967776  3855711.3      156.80798      156.80798      156.80798    
     37000   1.0446078      3.6778767e-05 -1.8591153      1.5637779     -0.2953374      0.00012966608  3856058.6      156.81269      156.81269      156.81269    
     37100   1.0103369      4.8571733e-05 -1.814717       1.5124744     -0.30224261     0.00012928836  3867324.2      156.96525      156.96525      156.96525    
     37200   0.99100393    -5.588225e-06  -1.7940715      1.4835329     -0.31053857     0.00012874379  3883682.3      157.18625      157.18625      157.18625    
     37300   1.0004855     -2.6642195e-05 -1.8161548      1.4977268     -0.31842808     0.00012855581  3889361.5      157.26284      157.26284      157.26284    
     37400   0.96046607    -3.1426925e-05 -1.771117       1.4378177     -0.33329928     0.00012825748  3898408.2      157.38467      157.38467      157.38467    
     37500   1.0209828      2.1508425e-06 -1.8760793      1.5284113     -0.34766808     0.00012797031  3907156.3      157.50231      157.50231      157.50231    
     37600   0.97661284    -4.1150787e-05 -1.8296885      1.4619894     -0.3676991      0.00012763099  3917543.9      157.64177      157.64177      157.64177    
     37700   0.99066745    -2.9014616e-06 -1.8907975      1.4830292     -0.4077683      0.00012733102  3926772.8      157.76546      157.76546      157.76546    
     37800   0.99040481    -1.692314e-05  -1.940214       1.482636      -0.45757801     0.0001267911   3943494.4      157.98908      157.98908      157.98908    
     37900   0.86490455    -3.762544e-05  -1.7773106      1.2947621     -0.48254849     0.0001261894   3962298.1      158.2398       158.2398       158.2398     
     38000   0.93602435    -2.91529e-05   -1.8646008      1.4012285     -0.46337236     0.00012579439  3974740.1      158.40525      158.40525      158.40525    
     38100   1.0104803      8.3006324e-05 -1.9183834      1.512689      -0.40569447     0.0001252447   3992184.9      158.63666      158.63666      158.63666    
     38200   0.97208849    -6.6811387e-05 -1.7977512      1.4552165     -0.3425347      0.00012405071  4030609.9      159.14399      159.14399      159.14399    
     38300   0.99296076    -1.2060768e-06 -1.7808438      1.4864623     -0.29438158     0.00012338689  4052294.2      159.42888      159.42888      159.42888    
     38400   1.0062797      3.9178519e-05 -1.768978       1.5064007     -0.26257734     0.00012261203  4077903.2      159.76402      159.76402      159.76402    
     38500   0.99718985     3.7542135e-05 -1.7316124      1.4927932     -0.23881919     0.00012153052  4114192.8      160.23654      160.23654      160.23654    
     38600   0.98826416    -3.0888782e-05 -1.7010359      1.4794314     -0.22160443     0.0001205292   4148372.4      160.67905      160.67905      160.67905    
     38700   1.0194971     -2.5780911e-05 -1.7332626      1.5261872     -0.20707539     0.00011958078  4181273.8      161.10272      161.10272      161.10272    
     38800   1.0855131      3.6937352e-05 -1.8406064      1.6250131     -0.21559323     0.00011899263  4201940.8      161.36771      161.36771      161.36771    
     38900   0.99913863     7.3207266e-06 -1.7621367      1.4957105     -0.26642617     0.00011768526  4248620.4      161.96306      161.96306      161.96306    
     39000   0.91408473    -4.3707851e-06 -1.7158232      1.3683848     -0.34743831     0.00011614497  4304964.7      162.67589      162.67589      162.67589    
     39100   0.95642829     2.6133737e-05 -1.8209142      1.4317731     -0.3891411      0.00011515054  4342141.8      163.14283      163.14283      163.14283    
     39200   0.95828771     1.4720035e-05 -1.8287162      1.4345567     -0.39415951     0.0001137244   4396593.9      163.82196      163.82196      163.82196    
     39300   0.93773781    -1.4469443e-05 -1.7624292      1.4037935     -0.35863568     0.00011206254  4461794.2      164.6278       164.6278       164.6278     
     39400   0.98009241     5.6819908e-05 -1.7676601      1.4671983     -0.30046178     0.00011110273  4500339.6      165.10052      165.10052      165.10052    
     39500   1.0012898      4.3119861e-05 -1.7673433      1.4989308     -0.26841249     0.00010987011  4550828.2      165.71563      165.71563      165.71563    
     39600   0.99381277    -1.7477015e-05 -1.7351041      1.4877377     -0.24736639     0.00010831636  4616108        166.50425      166.50425      166.50425    
     39700   1.0048423      4.3104389e-05 -1.7393091      1.5042489     -0.23506022     0.00010724738  4662118.5      167.05562      167.05562      167.05562    
     39800   1.0115085     -9.6553688e-06 -1.733537       1.5142282     -0.21930876     0.00010604828  4714833.5      167.6829       167.6829       167.6829     
     39900   1.007606       2.6800318e-05 -1.7213529      1.5083861     -0.21296675     0.00010499571  4762099.1      168.24138      168.24138      168.24138    
     40000   1.0351307      3.9072574e-06 -1.7754159      1.5495907     -0.22582523     0.00010399701  4807830.7      168.77821      168.77821      168.77821    
     40100   1.0078211      4.1788516e-05 -1.7985332      1.5087081     -0.28982506     0.00010343096  4834142.3      169.08554      169.08554      169.08554    
     40200   0.9523101      2.7298078e-05 -1.8076114      1.4256082     -0.38200321     0.00010261939  4872373.7      169.53012      169.53012      169.53012    
     40300   0.91897119    -6.3202986e-06 -1.7930087      1.3756999     -0.41730887     0.00010152097  4925090.8      170.13934      170.13934      170.13934    
     40400   0.93431559    -1.074654e-05  -1.7995357      1.3986704     -0.40086524     0.00010069782  4965350.6      170.60168      170.60168      170.60168    
     40500   0.99419127    -2.7556626e-05 -1.8443082      1.4883043     -0.35600386     9.9872018e-05  5006407.3      171.07061      171.07061      171.07061    
     40600   0.97008323     1.5542917e-05 -1.7543223      1.4522146     -0.30210769     9.9443938e-05  5027958.6      171.31573      171.31573      171.31573    
     40700   1.0239804     -1.9832196e-05 -1.7972925      1.5328986     -0.26439388     9.905752e-05   5047572.4      171.5382       171.5382       171.5382     
     40800   1.0082906      2.0787599e-05 -1.7571179      1.509411      -0.24770696     9.8742082e-05  5063697.2      171.72067      171.72067      171.72067    
     40900   1.0307682      3.3911686e-05 -1.7876937      1.54306       -0.24463372     9.8382869e-05  5082185.6      171.92941      171.92941      171.92941    
     41000   1.0484935      6.19568e-06   -1.8195802      1.5695948     -0.24998542     9.7931401e-05  5105614.7      172.19321      172.19321      172.19321    
     41100   1.0187213     -2.9841601e-05 -1.8022139      1.5250258     -0.27718803     9.7595813e-05  5123170.6      172.39035      172.39035      172.39035    
     41200   0.99017345    -1.2514643e-05 -1.8102953      1.4822896     -0.32800569     9.7249512e-05  5141414        172.59473      172.59473      172.59473    
     41300   0.96331321     9.9012963e-06 -1.8401794      1.4420799     -0.39809948     9.7175417e-05  5145334.2      172.63858      172.63858      172.63858    
     41400   0.98112176     3.1670826e-05 -1.915191       1.4687393     -0.4464517      9.7096011e-05  5149542.1      172.68563      172.68563      172.68563    
     41500   0.98599364    -2.8809751e-05 -1.9305365      1.4760325     -0.45450402     9.6400689e-05  5186684.9      173.09982      173.09982      173.09982    
     41600   0.91861288     2.6491588e-06 -1.7929521      1.3751635     -0.41778859     9.597895e-05   5209475.6      173.35299      173.35299      173.35299    
     41700   0.98334907     9.8000433e-06 -1.8075909      1.4720736     -0.33551731     9.578842e-05   5219837.7      173.46785      173.46785      173.46785    
     41800   1.0380102      2.0476262e-05 -1.8554271      1.5539012     -0.30152587     9.5922742e-05  5212528.2      173.38684      173.38684      173.38684    
     41900   1.0063066     -1.5374741e-05 -1.8049296      1.506441      -0.29848865     9.5690512e-05  5225178.4      173.52699      173.52699      173.52699    
     42000   1.0290104     -6.2245001e-06 -1.8338223      1.5404286     -0.29339369     9.5391043e-05  5241582.3      173.70839      173.70839      173.70839    
     42100   0.99334752    -3.6099384e-05 -1.7837559      1.4870412     -0.29671466     9.5276763e-05  5247869.3      173.77782      173.77782      173.77782    
     42200   1.0342187      1.4537197e-05 -1.8504783      1.5482254     -0.30225286     9.5194289e-05  5252415.9      173.82799      173.82799      173.82799    
     42300   1.0402065      1.6924479e-05 -1.8645336      1.5571891     -0.3073445      9.4929681e-05  5267056.6      173.98935      173.98935      173.98935    
     42400   1.0186999      1.3978636e-05 -1.8359515      1.5249937     -0.31095772     9.4519793e-05  5289897.3      174.24049      174.24049      174.24049    
     42500   0.96822704    -3.5934942e-06 -1.7625787      1.4494359     -0.3131428      9.4056203e-05  5315970.5      174.52629      174.52629      174.52629    
     42600   1.0056024     -1.0508492e-05 -1.8077293      1.5053867     -0.30234256     9.3694552e-05  5336489.6      174.75055      174.75055      174.75055    
     42700   0.98647223     3.0232882e-05 -1.7528323      1.4767489     -0.27608333     9.3165926e-05  5366769        175.08044      175.08044      175.08044    
     42800   0.99664549     3.3141542e-05 -1.7253903      1.4919783     -0.233412       9.2615742e-05  5398650.2      175.42645      175.42645      175.42645    
     42900   1.0280105     -4.7433399e-07 -1.722433       1.5389317     -0.1835013      9.2291254e-05  5417631.5      175.6318       175.6318       175.6318     
     43000   1.0120271      2.4188406e-05 -1.6659443      1.5150046     -0.15093971     9.2039424e-05  5432454.7      175.79184      175.79184      175.79184    
     43100   1.0608417      1.8708999e-05 -1.7399827      1.5880801     -0.15190262     9.1694198e-05  5452907.7      176.01218      176.01218      176.01218    
     43200   0.97524155     1.2878214e-05 -1.6690573      1.4599366     -0.20912072     9.1041245e-05  5492016.3      176.43197      176.43197      176.43197    
     43300   1.0016608      2.2319569e-05 -1.7766715      1.4994862     -0.27718522     9.0503852e-05  5524626.7      176.78048      176.78048      176.78048    
     43400   0.95397044    -1.000707e-05  -1.7349242      1.4280938     -0.30683046     9.0051091e-05  5552403.6      177.07626      177.07626      177.07626    
     43500   1.0222586     -6.3211228e-06 -1.8500433      1.5303211     -0.31972226     8.957432e-05   5581957        177.38988      177.38988      177.38988    
     43600   1.0148108     -3.244186e-05  -1.8418635      1.5191718     -0.32269162     8.9122911e-05  5610229.6      177.68886      177.68886      177.68886    
     43700   0.98975553     2.1997412e-05 -1.7999836      1.481664      -0.31831956     8.8636953e-05  5640988.1      178.013        178.013        178.013      
     43800   1.0029736      6.8112075e-06 -1.8008682      1.5014515     -0.2994167      8.8006927e-05  5681370.9      178.43678      178.43678      178.43678    
     43900   1.0389507     -2.4940971e-06 -1.8361033      1.5553092     -0.28079411     8.7418637e-05  5719604.1      178.83616      178.83616      178.83616    
     44000   1.008916      -4.7002584e-05 -1.7812072      1.5103472     -0.27085996     8.62121e-05    5799649.9      179.66656      179.66656      179.66656    
     44100   0.94309123     1.9174842e-05 -1.6793621      1.4118076     -0.26755456     8.5019079e-05  5881032.9      180.50305      180.50305      180.50305    
     44200   1.0320213      1.0235268e-05 -1.7803489      1.544936      -0.2354129      8.3825133e-05  5964798.2      181.356        181.356        181.356      
     44300   1.0749536      3.6508314e-05 -1.7708024      1.6092056     -0.16159686     8.2517222e-05  6059341.2      182.30915      182.30915      182.30915    
     44400   1.0768224     -2.5149653e-05 -1.7160482      1.6120031     -0.10404506     8.0853603e-05  6184016.3      183.55105      183.55105      183.55105    
     44500   1.0552264      2.4098269e-05 -1.677236       1.579674      -0.097562058    7.9142843e-05  6317690.7      184.86419      184.86419      184.86419    
     44600   1.0227821      6.807885e-07  -1.663611       1.5311047     -0.13250626     7.7300962e-05  6468224.8      186.32096      186.32096      186.32096    
     44700   1.0237911      1.2261052e-05 -1.7316525      1.5326152     -0.19903727     7.5625124e-05  6611559.4      187.68719      187.68719      187.68719    
     44800   0.98685606    -1.5968916e-05 -1.7385441      1.4773235     -0.26122058     7.4077297e-05  6749706.4      188.98542      188.98542      188.98542    
     44900   1.0023996      9.9056123e-06 -1.7908459      1.5005922     -0.2902537      7.2802353e-05  6867909.9      190.08223      190.08223      190.08223    
     45000   0.98933093    -1.1497982e-05 -1.7934861      1.4810284     -0.31245766     7.1767803e-05  6966912.4      190.99124      190.99124      190.99124    
     45100   0.99052487     2.3634481e-05 -1.8211045      1.4828157     -0.33828874     7.08451e-05    7057651.1      191.81684      191.81684      191.81684    
     45200   0.95842586     9.5153271e-08 -1.7822899      1.4347635     -0.34752636     7.0036219e-05  7139163.2      192.55247      192.55247      192.55247    
     45300   0.99497077     4.572469e-06  -1.8217655      1.4894712     -0.33229426     6.9494369e-05  7194827.5      193.05163      193.05163      193.05163    
     45400   0.97087939    -2.4472524e-06 -1.7472888      1.4534065     -0.29388233     6.9057195e-05  7240375.2      193.45815      193.45815      193.45815    
     45500   1.0155496      5.1086711e-07 -1.7287675      1.5202777     -0.20848977     6.8812043e-05  7266170        193.68761      193.68761      193.68761    
     45600   1.0514505      6.2332661e-06 -1.7124171      1.5740214     -0.13839571     6.8645636e-05  7283784.2      193.844        193.844        193.844      
     45700   1.0827653     -5.6180914e-06 -1.7626624      1.6208997     -0.14176264     6.8492834e-05  7300033.8      193.98804      193.98804      193.98804    
     45800   1.0153439     -2.7681475e-05 -1.6898274      1.5199698     -0.16985763     6.8136242e-05  7338238.5      194.32586      194.32586      194.32586    
     45900   1.0135392     -4.6744169e-06 -1.7225335      1.5172681     -0.20526536     6.8000812e-05  7352853.3      194.45478      194.45478      194.45478    
     46000   1.0388523      2.3886259e-05 -1.8021117      1.5551619     -0.24694976     6.7749662e-05  7380110.6      194.69477      194.69477      194.69477    
     46100   0.98889922     1.5416195e-05 -1.7608613      1.4803821     -0.28047918     6.7463648e-05  7411398.8      194.96952      194.96952      194.96952    
     46200   0.96728361    -1.9094829e-05 -1.746502       1.4480236     -0.2984784      6.7161761e-05  7444712.4      195.26121      195.26121      195.26121    
     46300   1.0031457      2.4210539e-05 -1.8104363      1.5017091     -0.30872723     6.7152293e-05  7445762.1      195.27039      195.27039      195.27039    
     46400   1.0089637     -2.0170925e-05 -1.8210733      1.5104187     -0.31065464     6.6941402e-05  7469219.1      195.47523      195.47523      195.47523    
     46500   1.0053497     -7.0686043e-05 -1.8308455      1.5050085     -0.32583702     6.6587148e-05  7508956.5      195.82127      195.82127      195.82127    
     46600   0.9353694      1.0644891e-05 -1.7829534      1.400248      -0.38270543     6.6557142e-05  7512341.8      195.85069      195.85069      195.85069    
     46700   1.011347       1.7730395e-05 -1.9583319      1.5139865     -0.44434542     6.6441089e-05  7525463.7      195.96466      195.96466      195.96466    
     46800   0.90823743    -1.7118411e-05 -1.8314425      1.3596314     -0.47181111     6.6141415e-05  7559560.1      196.26017      196.26017      196.26017    
     46900   0.94180018     1.9494618e-05 -1.859744       1.4098749     -0.44986915     6.6007326e-05  7574916.7      196.39298      196.39298      196.39298    
     47000   0.97757223    -3.5342542e-05 -1.8488029      1.4634256     -0.38537725     6.5848066e-05  7593237.4      196.55118      196.55118      196.55118    
     47100   1.0007947     -2.0255242e-05 -1.8269507      1.4981896     -0.32876115     6.5754379e-05  7604056.3      196.64449      196.64449      196.64449    
     47200   1.0170067     -2.1752018e-06 -1.8243878      1.522459      -0.30192881     6.5443035e-05  7640232.4      196.95584      196.95584      196.95584    
     47300   0.98534553    -1.7014638e-05 -1.7562341      1.4750623     -0.28117186     6.507362e-05   7683605.1      197.32783      197.32783      197.32783    
     47400   0.9993866     -4.0592212e-06 -1.7608406      1.4960817     -0.26475891     6.4799299e-05  7716132.9      197.6059       197.6059       197.6059     
     47500   0.98743625     2.1420909e-06 -1.7201299      1.4781921     -0.24193784     6.4466975e-05  7755909.2      197.94486      197.94486      197.94486    
     47600   1.0149513     -4.0412538e-07 -1.7329886      1.5193821     -0.21360648     6.412268e-05   7797553.1      198.29851      198.29851      198.29851    
     47700   1.0247311      1.5182354e-05 -1.7131269      1.5340224     -0.17910443     6.3879925e-05  7827185.2      198.54938      198.54938      198.54938    
     47800   1.0318168      1.4907361e-05 -1.6909674      1.5446298     -0.1463376      6.3532608e-05  7869974.4      198.91053      198.91053      198.91053    
     47900   1.0282736     -3.4240434e-05 -1.6494836      1.5393256     -0.11015793     6.3029017e-05  7932854.1      199.43888      199.43888      199.43888    
     48000   1.0796141      1.8489311e-05 -1.6984797      1.6161823     -0.082297349    6.2694646e-05  7975162.7      199.79281      199.79281      199.79281    
     48100   1.0649889     -9.6668166e-06 -1.7029119      1.5942883     -0.10862362     6.2138141e-05  8046587.7      200.38748      200.38748      200.38748    
     48200   0.98860596    -1.0825953e-05 -1.6732769      1.4799431     -0.19333373     6.1599756e-05  8116915.3      200.96959      200.96959      200.96959    
     48300   1.0008652      1.3019054e-05 -1.7568263      1.4982952     -0.25853113     6.1094033e-05  8184105.4      201.52259      201.52259      201.52259    
     48400   0.95865601     8.7085022e-06 -1.7366443      1.4351081     -0.30153627     6.04894e-05    8265911.1      202.19182      202.19182      202.19182    
     48500   0.93659013    -6.4971539e-06 -1.7271359      1.4020754     -0.32506051     5.9654107e-05  8381652.5      203.13116      203.13116      203.13116    
     48600   1.0249881      4.5266411e-06 -1.8657963      1.5344072     -0.33138918     5.8933748e-05  8484103.1      203.95545      203.95545      203.95545    
     48700   0.99153225     8.4852409e-06 -1.8103893      1.4843238     -0.32606554     5.8075548e-05  8609475.3      204.95518      204.95518      204.95518    
     48800   0.99457541     1.0406403e-05 -1.7885874      1.4888794     -0.29970801     5.711097e-05   8754885.4      206.10261      206.10261      206.10261    
     48900   1.0144703     -1.8890854e-06 -1.7700018      1.518662      -0.25133982     5.6202818e-05  8896351        207.20678      207.20678      207.20678    
     49000   1.0361976      1.1898005e-05 -1.7464681      1.5511879     -0.19528022     5.543721e-05   9019213        208.15629      208.15629      208.15629    
     49100   1.0305493      6.8847955e-06 -1.7031531      1.5427324     -0.16042071     5.4561923e-05  9163900        209.26348      209.26348      209.26348    
     49200   0.99198353    -2.0248981e-05 -1.6298584      1.4849993     -0.14485907     5.3783211e-05  9296581.4      210.2686       210.2686       210.2686     
     49300   1.0265859      9.3778798e-06 -1.7012859      1.5367992     -0.16448679     5.3276134e-05  9385065.4      210.9336       210.9336       210.9336     
     49400   1.0003971     -5.0429988e-05 -1.7420732      1.4975944     -0.24447873     5.2686983e-05  9490010.1      211.71692      211.71692      211.71692    
     49500   0.97587619     4.1476523e-05 -1.7950295      1.4608867     -0.33414285     5.2417298e-05  9538835.9      212.07939      212.07939      212.07939    
     49600   0.99477482    -3.0886425e-06 -1.8670216      1.4891779     -0.37784374     5.1969272e-05  9621069.9      212.68709      212.68709      212.68709    
     49700   0.95739194     1.0928252e-07 -1.82253        1.4332157     -0.38931427     5.1527751e-05  9703509.1      213.29284      213.29284      213.29284    
     49800   0.93506685     3.4859286e-05 -1.774995       1.3997951     -0.37519992     5.1139169e-05  9777241.3      213.83171      213.83171      213.83171    
     49900   0.98654702    -1.248737e-05  -1.8067157      1.4768609     -0.32985483     5.0751569e-05  9851912.1      214.37469      214.37469      214.37469    
     50000   0.99240259    -2.0604003e-05 -1.7459427      1.4856267     -0.26031607     5.0515417e-05  9897968.4      214.70823      214.70823      214.70823    
Loop time of 8.32418 on 1 procs for 50000 steps with 500 atoms

Performance: 2594849.248 tau/day, 6006.595 timesteps/s, 3.003 Matom-step/s
88.4% CPU use with 1 MPI tasks x 1 OpenMP threads

MPI task timing breakdown:
Section |  min time  |  avg time  |  max time  |%varavg| %total
---------------------------------------------------------------
Pair    | 2.1253     | 2.1253     | 2.1253     |   0.0 | 25.53
Bond    | 0.19622    | 0.19622    | 0.19622    |   0.0 |  2.36
Neigh   | 4.3065     | 4.3065     | 4.3065     |   0.0 | 51.73
Comm    | 0.14157    | 0.14157    | 0.14157    |   0.0 |  1.70
Output  | 0.17649    | 0.17649    | 0.17649    |   0.0 |  2.12
Modify  | 1.2491     | 1.2491     | 1.2491     |   0.0 | 15.01
Other   |            | 0.129      |            |       |  1.55

Nlocal:            500 ave         500 max         500 min
Histogram: 1 0 0 0 0 0 0 0 0 0
Nghost:              0 ave           0 max           0 min
Histogram: 1 0 0 0 0 0 0 0 0 0
Neighs:           6543 ave        6543 max        6543 min
Histogram: 1 0 0 0 0 0 0 0 0 0

Total # of neighbors = 6543
Ave neighs/atom = 13.086
Ave special neighs/atom = 5.4
Neighbor list builds = 7250
Dangerous builds = 0

# ==============================================================
# Save Final Configuration
# ==============================================================

write_data      ../data/npt_polymer_melt.data
System init for write_data ...
Generated 0 of 0 mixed pair_coeff terms from geometric mixing rule

# ==============================================================
# Cleanup
# ==============================================================

undump          1
unfix           1

print "NPT equilibration completed successfully."
NPT equilibration completed successfully.
Total wall time: 0:00:08
